ARM GAS  C:\Users\n11ak\AppData\Local\Temp\cc9v5Toi.s 			page 1


   1              		.cpu cortex-m4
   2              		.arch armv7e-m
   3              		.fpu fpv4-sp-d16
   4              		.eabi_attribute 27, 1
   5              		.eabi_attribute 28, 1
   6              		.eabi_attribute 20, 1
   7              		.eabi_attribute 21, 1
   8              		.eabi_attribute 23, 3
   9              		.eabi_attribute 24, 1
  10              		.eabi_attribute 25, 1
  11              		.eabi_attribute 26, 1
  12              		.eabi_attribute 30, 1
  13              		.eabi_attribute 34, 1
  14              		.eabi_attribute 18, 4
  15              		.file	"py32e407_hal_msp.c"
  16              		.text
  17              	.Ltext0:
  18              		.cfi_sections	.debug_frame
  19              		.section	.text.HAL_MspInit,"ax",%progbits
  20              		.align	1
  21              		.global	HAL_MspInit
  22              		.syntax unified
  23              		.thumb
  24              		.thumb_func
  26              	HAL_MspInit:
  27              	.LFB136:
  28              		.file 1 "../Src/py32e407_hal_msp.c"
   1:../Src/py32e407_hal_msp.c **** /**
   2:../Src/py32e407_hal_msp.c ****   ******************************************************************************
   3:../Src/py32e407_hal_msp.c ****   * @file    py32e407_hal_msp.c
   4:../Src/py32e407_hal_msp.c ****   * @author  MCU Application Team
   5:../Src/py32e407_hal_msp.c ****   * @brief   This file provides code for the MSP Initialization
   6:../Src/py32e407_hal_msp.c ****   *          and de-Initialization codes.
   7:../Src/py32e407_hal_msp.c ****   ******************************************************************************
   8:../Src/py32e407_hal_msp.c ****   * @attention
   9:../Src/py32e407_hal_msp.c ****   *
  10:../Src/py32e407_hal_msp.c ****   * <h2><center>&copy; Copyright (c) 2023 Puya Semiconductor Co.
  11:../Src/py32e407_hal_msp.c ****   * All rights reserved.</center></h2>
  12:../Src/py32e407_hal_msp.c ****   *
  13:../Src/py32e407_hal_msp.c ****   * This software component is licensed by Puya under BSD 3-Clause license,
  14:../Src/py32e407_hal_msp.c ****   * the "License"; You may not use this file except in compliance with the
  15:../Src/py32e407_hal_msp.c ****   * License. You may obtain a copy of the License at:
  16:../Src/py32e407_hal_msp.c ****   *                        opensource.org/licenses/BSD-3-Clause
  17:../Src/py32e407_hal_msp.c ****   *
  18:../Src/py32e407_hal_msp.c ****   ******************************************************************************
  19:../Src/py32e407_hal_msp.c ****   * @attention
  20:../Src/py32e407_hal_msp.c ****   *
  21:../Src/py32e407_hal_msp.c ****   * <h2><center>&copy; Copyright (c) 2016 STMicroelectronics.
  22:../Src/py32e407_hal_msp.c ****   * All rights reserved.</center></h2>
  23:../Src/py32e407_hal_msp.c ****   *
  24:../Src/py32e407_hal_msp.c ****   * This software component is licensed by ST under BSD 3-Clause license,
  25:../Src/py32e407_hal_msp.c ****   * the "License"; You may not use this file except in compliance with the
  26:../Src/py32e407_hal_msp.c ****   * License. You may obtain a copy of the License at:
  27:../Src/py32e407_hal_msp.c ****   *                        opensource.org/licenses/BSD-3-Clause
  28:../Src/py32e407_hal_msp.c ****   *
  29:../Src/py32e407_hal_msp.c ****   ******************************************************************************
  30:../Src/py32e407_hal_msp.c ****   */
ARM GAS  C:\Users\n11ak\AppData\Local\Temp\cc9v5Toi.s 			page 2


  31:../Src/py32e407_hal_msp.c **** 
  32:../Src/py32e407_hal_msp.c **** /* Includes ------------------------------------------------------------------*/
  33:../Src/py32e407_hal_msp.c **** #include "main.h"
  34:../Src/py32e407_hal_msp.c **** 
  35:../Src/py32e407_hal_msp.c **** /* Private typedef -----------------------------------------------------------*/
  36:../Src/py32e407_hal_msp.c **** /* Private define ------------------------------------------------------------*/
  37:../Src/py32e407_hal_msp.c **** /* Private macro -------------------------------------------------------------*/
  38:../Src/py32e407_hal_msp.c **** /* Private variables ---------------------------------------------------------*/
  39:../Src/py32e407_hal_msp.c **** /* Private function prototypes -----------------------------------------------*/
  40:../Src/py32e407_hal_msp.c **** /* External functions --------------------------------------------------------*/
  41:../Src/py32e407_hal_msp.c **** 
  42:../Src/py32e407_hal_msp.c **** /**
  43:../Src/py32e407_hal_msp.c ****   * @brief Initialize global MSP
  44:../Src/py32e407_hal_msp.c ****   */
  45:../Src/py32e407_hal_msp.c **** void HAL_MspInit(void)
  46:../Src/py32e407_hal_msp.c **** {
  29              		.loc 1 46 1 view -0
  30              		.cfi_startproc
  31              		@ args = 0, pretend = 0, frame = 8
  32              		@ frame_needed = 0, uses_anonymous_args = 0
  33              		@ link register save eliminated.
  34 0000 82B0     		sub	sp, sp, #8
  35              	.LCFI0:
  36              		.cfi_def_cfa_offset 8
  47:../Src/py32e407_hal_msp.c ****   __HAL_RCC_SYSCFG_CLK_ENABLE();
  37              		.loc 1 47 3 view .LVU1
  38              	.LBB2:
  39              		.loc 1 47 3 view .LVU2
  40              		.loc 1 47 3 view .LVU3
  41 0002 0A4B     		ldr	r3, .L3
  42 0004 1A6E     		ldr	r2, [r3, #96]
  43 0006 42F00102 		orr	r2, r2, #1
  44 000a 1A66     		str	r2, [r3, #96]
  45              		.loc 1 47 3 view .LVU4
  46 000c 1A6E     		ldr	r2, [r3, #96]
  47 000e 02F00102 		and	r2, r2, #1
  48 0012 0092     		str	r2, [sp]
  49              		.loc 1 47 3 view .LVU5
  50 0014 009A     		ldr	r2, [sp]
  51              	.LBE2:
  52              		.loc 1 47 3 view .LVU6
  48:../Src/py32e407_hal_msp.c ****   __HAL_RCC_PWR_CLK_ENABLE();
  53              		.loc 1 48 3 view .LVU7
  54              	.LBB3:
  55              		.loc 1 48 3 view .LVU8
  56              		.loc 1 48 3 view .LVU9
  57 0016 9A6D     		ldr	r2, [r3, #88]
  58 0018 42F08052 		orr	r2, r2, #268435456
  59 001c 9A65     		str	r2, [r3, #88]
  60              		.loc 1 48 3 view .LVU10
  61 001e 9B6D     		ldr	r3, [r3, #88]
  62 0020 03F08053 		and	r3, r3, #268435456
  63 0024 0193     		str	r3, [sp, #4]
  64              		.loc 1 48 3 view .LVU11
  65 0026 019B     		ldr	r3, [sp, #4]
  66              	.LBE3:
  67              		.loc 1 48 3 view .LVU12
ARM GAS  C:\Users\n11ak\AppData\Local\Temp\cc9v5Toi.s 			page 3


  49:../Src/py32e407_hal_msp.c **** }
  68              		.loc 1 49 1 is_stmt 0 view .LVU13
  69 0028 02B0     		add	sp, sp, #8
  70              	.LCFI1:
  71              		.cfi_def_cfa_offset 0
  72              		@ sp needed
  73 002a 7047     		bx	lr
  74              	.L4:
  75              		.align	2
  76              	.L3:
  77 002c 00100240 		.word	1073876992
  78              		.cfi_endproc
  79              	.LFE136:
  81              		.text
  82              	.Letext0:
  83              		.file 2 "h:\\program files (x86)\\puyasde\\tool\\arm-none-eabi\\include\\machine\\_default_types.h
  84              		.file 3 "h:\\program files (x86)\\puyasde\\tool\\arm-none-eabi\\include\\sys\\_stdint.h"
  85              		.file 4 "h:\\drivers\\cmsis\\device\\puya\\py32e407\\include\\py32e407xE.h"
ARM GAS  C:\Users\n11ak\AppData\Local\Temp\cc9v5Toi.s 			page 4


DEFINED SYMBOLS
                            *ABS*:00000000 py32e407_hal_msp.c
C:\Users\n11ak\AppData\Local\Temp\cc9v5Toi.s:20     .text.HAL_MspInit:00000000 $t
C:\Users\n11ak\AppData\Local\Temp\cc9v5Toi.s:26     .text.HAL_MspInit:00000000 HAL_MspInit
C:\Users\n11ak\AppData\Local\Temp\cc9v5Toi.s:77     .text.HAL_MspInit:0000002c $d

NO UNDEFINED SYMBOLS
